
Allocating common symbols
Common symbol       size              file

Pointer_Alarm_state
                    0x4               Alarm_Monitor.o
Pointer_main_state  0x4               Main_Function.o
state_alarm_actuator
                    0x4               Alarm_Actuator.o
Pointer_sensor      0x4               Pressure_Sensor.o

Memory Configuration

Name             Origin             Length             Attributes
FLASH            0x08000000         0x00020000         xr
SRAM             0x20000000         0x00005000         xrw
*default*        0x00000000         0xffffffff

Linker script and memory map


.text           0x08000000      0x3b8
                0x08000000                S_TEXT = .
 *(.vectors*)
 .vectors       0x08000000       0x1c startup.o
                0x08000000                vectors
 *(.text*)
 .text          0x0800001c       0xb0 Alarm_Actuator.o
                0x0800001c                Alarm_Actuator_init
                0x08000038                State_Actuator
                0x08000074                ST_stop
                0x08000090                ST_start
                0x080000ac                ST_wait
 .text          0x080000cc       0x54 Alarm_Monitor.o
                0x080000cc                High_Pressure_Detect
                0x080000e8                ST_stop_alarm
                0x08000104                ST_start_alarm
 .text          0x08000120       0xc4 driver.o
                0x08000120                Delay
                0x08000140                getPressureVal
                0x08000158                Set_Alarm_actuator
                0x08000194                GPIO_INITIALIZATION
 .text          0x080001e4       0x64 main.o
                0x080001e4                setup
                0x08000214                main
 .text          0x08000248       0x80 Main_Function.o
                0x08000248                Read_Pressure
                0x08000290                ST_main_waiting
                0x080002ac                ST_main_detect_high_pressure
 .text          0x080002c8       0x70 Pressure_Sensor.o
                0x080002c8                Pressure_Sensor_init
                0x080002e4                ST_waiting_state
                0x08000308                ST_reading_state
 .text          0x08000338       0x80 startup.o
                0x08000338                H_Fault_Handler
                0x08000338                MM_Fault_Handler
                0x08000338                Reset_Handler
                0x08000338                Bus_Fault
                0x08000338                Default_Handler
                0x08000338                Usage_Fault_Handler
                0x08000338                NMI_Handler
 *(.rodata)
                0x080003b8                E_TEXT = .

.glue_7         0x080003b8        0x0
 .glue_7        0x080003b8        0x0 linker stubs

.glue_7t        0x080003b8        0x0
 .glue_7t       0x080003b8        0x0 linker stubs

.vfp11_veneer   0x080003b8        0x0
 .vfp11_veneer  0x080003b8        0x0 linker stubs

.v4_bx          0x080003b8        0x0
 .v4_bx         0x080003b8        0x0 linker stubs

.iplt           0x080003b8        0x0
 .iplt          0x080003b8        0x0 Alarm_Actuator.o

.rel.dyn        0x080003b8        0x0
 .rel.iplt      0x080003b8        0x0 Alarm_Actuator.o

.data           0x20000000        0x8 load address 0x080003b8
                0x20000000                S_DATA = .
 *(.data)
 .data          0x20000000        0x0 Alarm_Actuator.o
 .data          0x20000000        0x0 Alarm_Monitor.o
 .data          0x20000000        0x0 driver.o
 .data          0x20000000        0x0 main.o
 .data          0x20000000        0x4 Main_Function.o
                0x20000000                P_threshold
 .data          0x20000004        0x4 Pressure_Sensor.o
                0x20000004                Psensor_pull_time
 .data          0x20000008        0x0 startup.o
                0x20000008                . = ALIGN (0x4)
                0x20000008                E_DATA = .

.igot.plt       0x20000008        0x0 load address 0x080003c0
 .igot.plt      0x20000008        0x0 Alarm_Actuator.o

.bss            0x20000008     0x1008 load address 0x080003c0
                0x20000008                S_BSS = .
 *(.bss)
 .bss           0x20000008        0x0 Alarm_Actuator.o
 .bss           0x20000008        0x0 Alarm_Monitor.o
 .bss           0x20000008        0x0 driver.o
 .bss           0x20000008        0x0 main.o
 .bss           0x20000008        0x4 Main_Function.o
                0x20000008                P_value
 .bss           0x2000000c        0x4 Pressure_Sensor.o
                0x2000000c                Pval
 .bss           0x20000010        0x0 startup.o
                0x20000010                E_BSS = .
                0x20000010                . = ALIGN (0x4)
                0x20001010                . = (. + 0x1000)
 *fill*         0x20000010     0x1000 
                0x20001010                _STACK_TOP = .

.comment        0x080003c0       0x90
 *(.comment)
 .comment       0x080003c0       0x7e Alarm_Actuator.o
                                 0x7f (size before relaxing)
 .comment       0x0800043e       0x7f Alarm_Monitor.o
 .comment       0x0800043e       0x7f driver.o
 .comment       0x0800043e       0x7f main.o
 .comment       0x0800043e       0x7f Main_Function.o
 .comment       0x0800043e       0x7f Pressure_Sensor.o
 .comment       0x0800043e       0x7f startup.o
 *(COMMON)
 *fill*         0x0800043e        0x2 
 COMMON         0x08000440        0x4 Alarm_Actuator.o
                0x08000440                state_alarm_actuator
 COMMON         0x08000444        0x4 Alarm_Monitor.o
                0x08000444                Pointer_Alarm_state
 COMMON         0x08000448        0x4 Main_Function.o
                0x08000448                Pointer_main_state
 COMMON         0x0800044c        0x4 Pressure_Sensor.o
                0x0800044c                Pointer_sensor
LOAD Alarm_Actuator.o
LOAD Alarm_Monitor.o
LOAD driver.o
LOAD main.o
LOAD Main_Function.o
LOAD Pressure_Sensor.o
LOAD startup.o
OUTPUT(Pressure_Detection_Learn_in_depth.elf elf32-littlearm)

.ARM.attributes
                0x00000000       0x33
 .ARM.attributes
                0x00000000       0x33 Alarm_Actuator.o
 .ARM.attributes
                0x00000033       0x33 Alarm_Monitor.o
 .ARM.attributes
                0x00000066       0x33 driver.o
 .ARM.attributes
                0x00000099       0x33 main.o
 .ARM.attributes
                0x000000cc       0x33 Main_Function.o
 .ARM.attributes
                0x000000ff       0x33 Pressure_Sensor.o
 .ARM.attributes
                0x00000132       0x33 startup.o

.debug_info     0x00000000     0x3df1
 .debug_info    0x00000000      0xa44 Alarm_Actuator.o
 .debug_info    0x00000a44      0xa08 Alarm_Monitor.o
 .debug_info    0x0000144c      0xa05 driver.o
 .debug_info    0x00001e51      0x9f4 main.o
 .debug_info    0x00002845      0xa0f Main_Function.o
 .debug_info    0x00003254      0x9ff Pressure_Sensor.o
 .debug_info    0x00003c53      0x19e startup.o

.debug_abbrev   0x00000000      0xbd8
 .debug_abbrev  0x00000000      0x1f9 Alarm_Actuator.o
 .debug_abbrev  0x000001f9      0x1d0 Alarm_Monitor.o
 .debug_abbrev  0x000003c9      0x1de driver.o
 .debug_abbrev  0x000005a7      0x1bc main.o
 .debug_abbrev  0x00000763      0x1ee Main_Function.o
 .debug_abbrev  0x00000951      0x1c7 Pressure_Sensor.o
 .debug_abbrev  0x00000b18       0xc0 startup.o

.debug_loc      0x00000000      0x510
 .debug_loc     0x00000000      0x124 Alarm_Actuator.o
 .debug_loc     0x00000124       0x9c Alarm_Monitor.o
 .debug_loc     0x000001c0      0x140 driver.o
 .debug_loc     0x00000300       0x58 main.o
 .debug_loc     0x00000358       0xcc Main_Function.o
 .debug_loc     0x00000424       0x9c Pressure_Sensor.o
 .debug_loc     0x000004c0       0x50 startup.o

.debug_aranges  0x00000000       0xe0
 .debug_aranges
                0x00000000       0x20 Alarm_Actuator.o
 .debug_aranges
                0x00000020       0x20 Alarm_Monitor.o
 .debug_aranges
                0x00000040       0x20 driver.o
 .debug_aranges
                0x00000060       0x20 main.o
 .debug_aranges
                0x00000080       0x20 Main_Function.o
 .debug_aranges
                0x000000a0       0x20 Pressure_Sensor.o
 .debug_aranges
                0x000000c0       0x20 startup.o

.debug_line     0x00000000      0xa0a
 .debug_line    0x00000000      0x15a Alarm_Actuator.o
 .debug_line    0x0000015a      0x161 Alarm_Monitor.o
 .debug_line    0x000002bb      0x1c8 driver.o
 .debug_line    0x00000483      0x195 main.o
 .debug_line    0x00000618      0x15e Main_Function.o
 .debug_line    0x00000776      0x152 Pressure_Sensor.o
 .debug_line    0x000008c8      0x142 startup.o

.debug_str      0x00000000      0x7c8
 .debug_str     0x00000000      0x551 Alarm_Actuator.o
                                0x5bf (size before relaxing)
 .debug_str     0x00000551       0xa0 Alarm_Monitor.o
                                0x5a4 (size before relaxing)
 .debug_str     0x000005f1       0x57 driver.o
                                0x59b (size before relaxing)
 .debug_str     0x00000648       0x34 main.o
                                0x5ac (size before relaxing)
 .debug_str     0x0000067c       0x64 Main_Function.o
                                0x5b2 (size before relaxing)
 .debug_str     0x000006e0       0x5b Pressure_Sensor.o
                                0x5aa (size before relaxing)
 .debug_str     0x0000073b       0x8d startup.o
                                0x1f7 (size before relaxing)

.debug_frame    0x00000000      0x30c
 .debug_frame   0x00000000       0xac Alarm_Actuator.o
 .debug_frame   0x000000ac       0x68 Alarm_Monitor.o
 .debug_frame   0x00000114       0xa0 driver.o
 .debug_frame   0x000001b4       0x48 main.o
 .debug_frame   0x000001fc       0x74 Main_Function.o
 .debug_frame   0x00000270       0x68 Pressure_Sensor.o
 .debug_frame   0x000002d8       0x34 startup.o
